// Jest Snapshot v1, https://goo.gl/fbAQLP

exports[`Footer Component matches snapshot 1`] = `
<footer
  class="flex flex-col md:flex-row justify-between items-center px-8 md:px-20 py-5 md:py-7 border-t border-[#E2E8F0] text-center md:text-left"
>
  <div
    class="flex items-center space-x-2"
  >
    <div
      data-testid="shield-icon"
    >
      Shield Icon
    </div>
    <p
      class="font-bold text-xl text-[#020817]"
    >
      VitaCare
    </p>
  </div>
  <p
    class="text-[#64748B] mt-2 md:mt-0"
  >
    Â© 
    2025
     VitaCare. All rights reserved. Powered by Stellar blockchain.
  </p>
  <ul
    class="flex space-x-4 text-[#64748B] mt-2 md:mt-0 *:cursor-pointer"
  >
    <li>
      Terms
    </li>
    <li>
      Privacy
    </li>
    <li>
      Contact
    </li>
  </ul>
</footer>
`;
