// Jest Snapshot v1, https://goo.gl/fbAQLP

exports[`AccountHeader Component matches snapshot 1`] = `
<div
  class="text-center space-y-2 mb-6"
>
  <div
    class="flex justify-center"
  >
    <div
      class="w-10 h-10 rounded-full bg-blue-50 flex items-center justify-center"
    >
      <svg
        class="text-primary"
        fill="none"
        height="24"
        viewBox="0 0 24 24"
        width="24"
        xmlns="http://www.w3.org/2000/svg"
      >
        <path
          d="M12 12C14.7614 12 17 9.76142 17 7C17 4.23858 14.7614 2 12 2C9.23858 2 7 4.23858 7 7C7 9.76142 9.23858 12 12 12Z"
          stroke="currentColor"
          stroke-linecap="round"
          stroke-linejoin="round"
          stroke-width="2"
        />
        <path
          d="M20 21C20 18.7909 18.7909 16.7909 17 15.5C15.2091 14.2091 13.2091 13.5 12 13.5C10.7909 13.5 8.79086 14.2091 7 15.5C5.20914 16.7909 4 18.7909 4 21"
          stroke="currentColor"
          stroke-linecap="round"
          stroke-linejoin="round"
          stroke-width="2"
        />
      </svg>
    </div>
  </div>
  <h1
    class="text-2xl font-bold text-gray-900"
  >
    Create an account
  </h1>
  <p
    class="text-sm text-gray-500"
  >
    Register to access the VitaCare platform
  </p>
</div>
`;
